Flow report for kekongmusic
Sat Jun 03 20:01:24 2017
Quartus II Version 9.1 Build 304 01/25/2010 Service Pack 1 SJ Web Edition


---------------------
; Table of Contents ;
---------------------
  1. Legal Notice
  2. Flow Summary
  3. Flow Settings
  4. Flow Non-Default Global Settings
  5. Flow Elapsed Time
  6. Flow OS Summary
  7. Flow Log



----------------
; Legal Notice ;
----------------
Copyright (C) 1991-2010 Altera Corporation
Your use of Altera Corporation's design tools, logic functions 
and other software and tools, and its AMPP partner logic 
functions, and any output files from any of the foregoing 
(including device programming or simulation files), and any 
associated documentation or information are expressly subject 
to the terms and conditions of the Altera Program License 
Subscription Agreement, Altera MegaCore Function License 
Agreement, or other applicable license agreement, including, 
without limitation, that your use is for the sole purpose of 
programming logic devices manufactured by Altera and sold by 
Altera or its authorized distributors.  Please refer to the 
applicable agreement for further details.



+-----------------------------------------------------------------------------------+
; Flow Summary                                                                      ;
+------------------------------------+----------------------------------------------+
; Flow Status                        ; Successful - Sat Jun 03 20:01:24 2017        ;
; Quartus II Version                 ; 9.1 Build 304 01/25/2010 SP 1 SJ Web Edition ;
; Revision Name                      ; kekongmusic                                  ;
; Top-level Entity Name              ; kekongmusic                                  ;
; Family                             ; Cyclone III                                  ;
; Device                             ; EP3C10E144C8                                 ;
; Timing Models                      ; Final                                        ;
; Met timing requirements            ; N/A                                          ;
; Total logic elements               ; 125 / 10,320 ( 1 % )                         ;
;     Total combinational functions  ; 121 / 10,320 ( 1 % )                         ;
;     Dedicated logic registers      ; 53 / 10,320 ( < 1 % )                        ;
; Total registers                    ; 53                                           ;
; Total pins                         ; 30 / 95 ( 32 % )                             ;
; Total virtual pins                 ; 0                                            ;
; Total memory bits                  ; 3,072 / 423,936 ( < 1 % )                    ;
; Embedded Multiplier 9-bit elements ; 0 / 46 ( 0 % )                               ;
; Total PLLs                         ; 1 / 2 ( 50 % )                               ;
+------------------------------------+----------------------------------------------+


+-----------------------------------------+
; Flow Settings                           ;
+-------------------+---------------------+
; Option            ; Setting             ;
+-------------------+---------------------+
; Start date & time ; 06/03/2017 20:00:32 ;
; Main task         ; Compilation         ;
; Revision Name     ; kekongmusic         ;
+-------------------+---------------------+


+-----------------------------------------------------------------------------------------------------------------------------+
; Flow Non-Default Global Settings                                                                                            ;
+------------------------------------+-----------------------------------+---------------+-------------+----------------------+
; Assignment Name                    ; Value                             ; Default Value ; Entity Name ; Section Id           ;
+------------------------------------+-----------------------------------+---------------+-------------+----------------------+
; COMPILER_SIGNATURE_ID              ; 57827286609873.149649123200444    ; --            ; --          ; --                   ;
; EDA_DESIGN_ENTRY_SYNTHESIS_TOOL    ; SYNPLIFY                          ; <None>        ; --          ; --                   ;
; EDA_INPUT_DATA_FORMAT              ; Vqm                               ; --            ; --          ; eda_design_synthesis ;
; EDA_LMF_FILE                       ; synplcty.lmf                      ; --            ; --          ; eda_design_synthesis ;
; EDA_SHOW_LMF_MAPPING_MESSAGES      ; On                                ; --            ; --          ; eda_design_synthesis ;
; IP_TOOL_NAME                       ; LPM_COUNTER                       ; --            ; --          ; --                   ;
; IP_TOOL_NAME                       ; ROM: 1-PORT                       ; --            ; --          ; --                   ;
; IP_TOOL_NAME                       ; ROM: 1-PORT                       ; --            ; --          ; --                   ;
; IP_TOOL_NAME                       ; ROM: 1-PORT                       ; --            ; --          ; --                   ;
; IP_TOOL_NAME                       ; LPM_COUNTER                       ; --            ; --          ; --                   ;
; IP_TOOL_NAME                       ; RAM: 1-PORT                       ; --            ; --          ; --                   ;
; IP_TOOL_VERSION                    ; 9.1                               ; --            ; --          ; --                   ;
; IP_TOOL_VERSION                    ; 9.1                               ; --            ; --          ; --                   ;
; IP_TOOL_VERSION                    ; 9.1                               ; --            ; --          ; --                   ;
; IP_TOOL_VERSION                    ; 9.1                               ; --            ; --          ; --                   ;
; IP_TOOL_VERSION                    ; 9.1                               ; --            ; --          ; --                   ;
; IP_TOOL_VERSION                    ; 9.1                               ; --            ; --          ; --                   ;
; MAX_CORE_JUNCTION_TEMP             ; 85                                ; --            ; --          ; --                   ;
; MIN_CORE_JUNCTION_TEMP             ; 0                                 ; --            ; --          ; --                   ;
; MISC_FILE                          ; ../zidongmusic/CNTSTER.bsf        ; --            ; --          ; --                   ;
; MISC_FILE                          ; ../zidongmusic/CNTSTER_inst.v     ; --            ; --          ; --                   ;
; MISC_FILE                          ; ../zidongmusic/MUSIC_DATA.bsf     ; --            ; --          ; --                   ;
; MISC_FILE                          ; ../zidongmusic/MUSIC_DATA_inst.v  ; --            ; --          ; --                   ;
; MISC_FILE                          ; ../zidongmusic/MUSIC_DATA2.bsf    ; --            ; --          ; --                   ;
; MISC_FILE                          ; ../zidongmusic/MUSIC_DATA2_inst.v ; --            ; --          ; --                   ;
; MISC_FILE                          ; ../zidongmusic/MUSIC2.bsf         ; --            ; --          ; --                   ;
; MISC_FILE                          ; ../zidongmusic/MUSIC2_inst.v      ; --            ; --          ; --                   ;
; MISC_FILE                          ; COUNT8B.bsf                       ; --            ; --          ; --                   ;
; MISC_FILE                          ; COUNT8B_inst.v                    ; --            ; --          ; --                   ;
; MISC_FILE                          ; RAM.bsf                           ; --            ; --          ; --                   ;
; MISC_FILE                          ; RAM_inst.v                        ; --            ; --          ; --                   ;
; NOMINAL_CORE_SUPPLY_VOLTAGE        ; 1.2V                              ; --            ; --          ; --                   ;
; PARTITION_COLOR                    ; 16764057                          ; --            ; --          ; Top                  ;
; PARTITION_NETLIST_TYPE             ; SOURCE                            ; --            ; --          ; Top                  ;
; USE_GENERATED_PHYSICAL_CONSTRAINTS ; Off                               ; --            ; --          ; eda_blast_fpga       ;
+------------------------------------+-----------------------------------+---------------+-------------+----------------------+


+-------------------------------------------------------------------------------------------------------------------------------+
; Flow Elapsed Time                                                                                                             ;
+---------------------------+--------------+-------------------------+---------------------+------------------------------------+
; Module Name               ; Elapsed Time ; Average Processors Used ; Peak Virtual Memory ; Total CPU Time (on all processors) ;
+---------------------------+--------------+-------------------------+---------------------+------------------------------------+
; Analysis & Synthesis      ; 00:00:12     ; 1.0                     ; 294 MB              ; 00:00:11                           ;
; Fitter                    ; 00:00:16     ; 1.0                     ; 313 MB              ; 00:00:15                           ;
; TimeQuest Timing Analyzer ; 00:00:14     ; 1.0                     ; 245 MB              ; 00:00:12                           ;
; Assembler                 ; 00:00:04     ; 1.0                     ; 246 MB              ; 00:00:04                           ;
; Total                     ; 00:00:42     ; --                      ; --                  ; 00:00:38                           ;
+---------------------------+--------------+-------------------------+---------------------+------------------------------------+


+--------------------------------------------------------------------------------------------+
; Flow OS Summary                                                                            ;
+---------------------------+------------------+---------------+------------+----------------+
; Module Name               ; Machine Hostname ; OS Name       ; OS Version ; Processor type ;
+---------------------------+------------------+---------------+------------+----------------+
; Analysis & Synthesis      ; DESKTOP-F2EHKPN  ; Windows Vista ; 6.2        ; x86_64         ;
; Fitter                    ; DESKTOP-F2EHKPN  ; Windows Vista ; 6.2        ; x86_64         ;
; Assembler                 ; DESKTOP-F2EHKPN  ; Windows Vista ; 6.2        ; x86_64         ;
; TimeQuest Timing Analyzer ; DESKTOP-F2EHKPN  ; Windows Vista ; 6.2        ; x86_64         ;
+---------------------------+------------------+---------------+------------+----------------+


------------
; Flow Log ;
------------
quartus_map --read_settings_files=on --write_settings_files=off kekongmusic -c kekongmusic
quartus_fit --read_settings_files=off --write_settings_files=off kekongmusic -c kekongmusic
quartus_asm --read_settings_files=off --write_settings_files=off kekongmusic -c kekongmusic
quartus_sta kekongmusic -c kekongmusic
quartus_eda --read_settings_files=off --write_settings_files=off kekongmusic -c kekongmusic



